pona
pona
pona
pona
pona
pona
pona
pona
pona
pona
pona
pona
pona
pona
pona
pona
pona
pona
pona
pona
pona
pona
pona
pona
pona
pona
pona
pona
pona
pona
pona
pona
pona
pona
pona
pona
pona
pona
pona
pona
pona
pona
pona
pona
pona
pona
pona
pona
pona
pona
pona
pona
pona
pona
pona
pona
pona
pona
pona
pona
pona
pona
pona
pona
pona
pona
pona
pona
pona
pona
pona
pona
pona
pona
pona
pona
pona
pona
pona
pona
pona
pona
pona
pona
pona
pona
pona
pona
pona
pona
pona
pona
pona
pona
pona
pona
pona
pona
pona
pona
