pona
ike
pona
pona
pona
pona
pona
pona
pona
pona
pona
ike
pona
ike
pona
ike
pona
pona
pona
pona
pona
pona
ike
pona
ike
pona
pona
ike
ike
pona
ike
pona
pona
ike
pona
ike
pona
pona
pona
pona
pona
pona
pona
pona
ike
ike
pona
ike
ike
ike
pona
pona
pona
pona
ike
pona
pona
ike
pona
ike
ike
ike
pona
pona
pona
pona
ike
pona
pona
pona
ike
pona
ike
ike
pona
pona
pona
ike
pona
pona
pona
ike
ike
pona
ike
pona
pona
pona
pona
pona
ike
pona
pona
pona
pona
pona
ike
pona
pona
pona
